------------------------------------------------------------
TimeQuest Timing Analyzer Summary
------------------------------------------------------------

Type  : Slow 1100mV 85C Model Setup 'CLOCK_50'
Slack : -3.688
TNS   : -48.149

Type  : Slow 1100mV 85C Model Setup 'spi2dac:comb_4|clk_1MHz'
Slack : -3.648
TNS   : -57.314

Type  : Slow 1100mV 85C Model Hold 'CLOCK_50'
Slack : 0.379
TNS   : 0.000

Type  : Slow 1100mV 85C Model Hold 'spi2dac:comb_4|clk_1MHz'
Slack : 0.772
TNS   : 0.000

Type  : Slow 1100mV 85C Model Minimum Pulse Width 'CLOCK_50'
Slack : -0.787
TNS   : -21.702

Type  : Slow 1100mV 85C Model Minimum Pulse Width 'spi2dac:comb_4|clk_1MHz'
Slack : -0.394
TNS   : -10.514

Type  : Slow 1100mV 0C Model Setup 'CLOCK_50'
Slack : -3.764
TNS   : -48.020

Type  : Slow 1100mV 0C Model Setup 'spi2dac:comb_4|clk_1MHz'
Slack : -3.705
TNS   : -58.626

Type  : Slow 1100mV 0C Model Hold 'CLOCK_50'
Slack : 0.155
TNS   : 0.000

Type  : Slow 1100mV 0C Model Hold 'spi2dac:comb_4|clk_1MHz'
Slack : 0.730
TNS   : 0.000

Type  : Slow 1100mV 0C Model Minimum Pulse Width 'CLOCK_50'
Slack : -0.800
TNS   : -20.000

Type  : Slow 1100mV 0C Model Minimum Pulse Width 'spi2dac:comb_4|clk_1MHz'
Slack : -0.394
TNS   : -10.374

Type  : Fast 1100mV 85C Model Setup 'CLOCK_50'
Slack : -2.965
TNS   : -18.320

Type  : Fast 1100mV 85C Model Setup 'spi2dac:comb_4|clk_1MHz'
Slack : -1.661
TNS   : -25.623

Type  : Fast 1100mV 85C Model Hold 'CLOCK_50'
Slack : 0.183
TNS   : 0.000

Type  : Fast 1100mV 85C Model Hold 'spi2dac:comb_4|clk_1MHz'
Slack : 0.346
TNS   : 0.000

Type  : Fast 1100mV 85C Model Minimum Pulse Width 'CLOCK_50'
Slack : -0.846
TNS   : -15.415

Type  : Fast 1100mV 85C Model Minimum Pulse Width 'spi2dac:comb_4|clk_1MHz'
Slack : 0.099
TNS   : 0.000

Type  : Fast 1100mV 0C Model Setup 'CLOCK_50'
Slack : -2.507
TNS   : -15.079

Type  : Fast 1100mV 0C Model Setup 'spi2dac:comb_4|clk_1MHz'
Slack : -1.589
TNS   : -24.160

Type  : Fast 1100mV 0C Model Hold 'CLOCK_50'
Slack : 0.140
TNS   : 0.000

Type  : Fast 1100mV 0C Model Hold 'spi2dac:comb_4|clk_1MHz'
Slack : 0.311
TNS   : 0.000

Type  : Fast 1100mV 0C Model Minimum Pulse Width 'CLOCK_50'
Slack : -0.854
TNS   : -18.283

Type  : Fast 1100mV 0C Model Minimum Pulse Width 'spi2dac:comb_4|clk_1MHz'
Slack : 0.112
TNS   : 0.000

------------------------------------------------------------
