------------------------------------------------------------
TimeQuest Timing Analyzer Summary
------------------------------------------------------------

Type  : Slow 1100mV 85C Model Setup 'divider_50000:divideby5000|out_clk'
Slack : -3.949
TNS   : -113.773

Type  : Slow 1100mV 85C Model Setup 'CLOCK_50'
Slack : -3.168
TNS   : -77.111

Type  : Slow 1100mV 85C Model Setup 'FSM:finitestatem|state.FIRST_LED'
Slack : -2.762
TNS   : -2.762

Type  : Slow 1100mV 85C Model Setup 'FSM:finitestatem|state.DELAY'
Slack : -1.652
TNS   : -1.652

Type  : Slow 1100mV 85C Model Hold 'divider_50000:divideby5000|out_clk'
Slack : 0.290
TNS   : 0.000

Type  : Slow 1100mV 85C Model Hold 'CLOCK_50'
Slack : 0.384
TNS   : 0.000

Type  : Slow 1100mV 85C Model Hold 'FSM:finitestatem|state.DELAY'
Slack : 0.441
TNS   : 0.000

Type  : Slow 1100mV 85C Model Hold 'FSM:finitestatem|state.FIRST_LED'
Slack : 0.938
TNS   : 0.000

Type  : Slow 1100mV 85C Model Minimum Pulse Width 'CLOCK_50'
Slack : -0.638
TNS   : -26.139

Type  : Slow 1100mV 85C Model Minimum Pulse Width 'divider_50000:divideby5000|out_clk'
Slack : -0.394
TNS   : -24.788

Type  : Slow 1100mV 85C Model Minimum Pulse Width 'FSM:finitestatem|state.FIRST_LED'
Slack : 0.363
TNS   : 0.000

Type  : Slow 1100mV 85C Model Minimum Pulse Width 'FSM:finitestatem|state.DELAY'
Slack : 0.443
TNS   : 0.000

Type  : Slow 1100mV 0C Model Setup 'divider_50000:divideby5000|out_clk'
Slack : -4.022
TNS   : -114.658

Type  : Slow 1100mV 0C Model Setup 'CLOCK_50'
Slack : -2.787
TNS   : -71.158

Type  : Slow 1100mV 0C Model Setup 'FSM:finitestatem|state.FIRST_LED'
Slack : -2.624
TNS   : -2.624

Type  : Slow 1100mV 0C Model Setup 'FSM:finitestatem|state.DELAY'
Slack : -1.528
TNS   : -1.528

Type  : Slow 1100mV 0C Model Hold 'CLOCK_50'
Slack : -0.032
TNS   : -0.440

Type  : Slow 1100mV 0C Model Hold 'divider_50000:divideby5000|out_clk'
Slack : 0.287
TNS   : 0.000

Type  : Slow 1100mV 0C Model Hold 'FSM:finitestatem|state.DELAY'
Slack : 0.295
TNS   : 0.000

Type  : Slow 1100mV 0C Model Hold 'FSM:finitestatem|state.FIRST_LED'
Slack : 0.845
TNS   : 0.000

Type  : Slow 1100mV 0C Model Minimum Pulse Width 'CLOCK_50'
Slack : -0.712
TNS   : -23.902

Type  : Slow 1100mV 0C Model Minimum Pulse Width 'divider_50000:divideby5000|out_clk'
Slack : -0.394
TNS   : -24.898

Type  : Slow 1100mV 0C Model Minimum Pulse Width 'FSM:finitestatem|state.FIRST_LED'
Slack : 0.393
TNS   : 0.000

Type  : Slow 1100mV 0C Model Minimum Pulse Width 'FSM:finitestatem|state.DELAY'
Slack : 0.404
TNS   : 0.000

Type  : Fast 1100mV 85C Model Setup 'CLOCK_50'
Slack : -2.707
TNS   : -48.507

Type  : Fast 1100mV 85C Model Setup 'divider_50000:divideby5000|out_clk'
Slack : -1.931
TNS   : -54.237

Type  : Fast 1100mV 85C Model Setup 'FSM:finitestatem|state.FIRST_LED'
Slack : -1.436
TNS   : -1.436

Type  : Fast 1100mV 85C Model Setup 'FSM:finitestatem|state.DELAY'
Slack : -0.790
TNS   : -0.790

Type  : Fast 1100mV 85C Model Hold 'divider_50000:divideby5000|out_clk'
Slack : 0.098
TNS   : 0.000

Type  : Fast 1100mV 85C Model Hold 'CLOCK_50'
Slack : 0.219
TNS   : 0.000

Type  : Fast 1100mV 85C Model Hold 'FSM:finitestatem|state.DELAY'
Slack : 0.336
TNS   : 0.000

Type  : Fast 1100mV 85C Model Hold 'FSM:finitestatem|state.FIRST_LED'
Slack : 0.576
TNS   : 0.000

Type  : Fast 1100mV 85C Model Minimum Pulse Width 'CLOCK_50'
Slack : -0.786
TNS   : -18.285

Type  : Fast 1100mV 85C Model Minimum Pulse Width 'divider_50000:divideby5000|out_clk'
Slack : -0.006
TNS   : -0.057

Type  : Fast 1100mV 85C Model Minimum Pulse Width 'FSM:finitestatem|state.FIRST_LED'
Slack : 0.418
TNS   : 0.000

Type  : Fast 1100mV 85C Model Minimum Pulse Width 'FSM:finitestatem|state.DELAY'
Slack : 0.458
TNS   : 0.000

Type  : Fast 1100mV 0C Model Setup 'CLOCK_50'
Slack : -2.168
TNS   : -38.607

Type  : Fast 1100mV 0C Model Setup 'divider_50000:divideby5000|out_clk'
Slack : -1.821
TNS   : -50.029

Type  : Fast 1100mV 0C Model Setup 'FSM:finitestatem|state.FIRST_LED'
Slack : -1.279
TNS   : -1.279

Type  : Fast 1100mV 0C Model Setup 'FSM:finitestatem|state.DELAY'
Slack : -0.681
TNS   : -0.681

Type  : Fast 1100mV 0C Model Hold 'divider_50000:divideby5000|out_clk'
Slack : 0.078
TNS   : 0.000

Type  : Fast 1100mV 0C Model Hold 'CLOCK_50'
Slack : 0.135
TNS   : 0.000

Type  : Fast 1100mV 0C Model Hold 'FSM:finitestatem|state.DELAY'
Slack : 0.270
TNS   : 0.000

Type  : Fast 1100mV 0C Model Hold 'FSM:finitestatem|state.FIRST_LED'
Slack : 0.518
TNS   : 0.000

Type  : Fast 1100mV 0C Model Minimum Pulse Width 'CLOCK_50'
Slack : -0.842
TNS   : -21.792

Type  : Fast 1100mV 0C Model Minimum Pulse Width 'divider_50000:divideby5000|out_clk'
Slack : 0.026
TNS   : 0.000

Type  : Fast 1100mV 0C Model Minimum Pulse Width 'FSM:finitestatem|state.FIRST_LED'
Slack : 0.432
TNS   : 0.000

Type  : Fast 1100mV 0C Model Minimum Pulse Width 'FSM:finitestatem|state.DELAY'
Slack : 0.475
TNS   : 0.000

------------------------------------------------------------
