------------------------------------------------------------
TimeQuest Timing Analyzer Summary
------------------------------------------------------------

Type  : Slow 1100mV 85C Model Setup 'spi2dac:dac|clk_1MHz'
Slack : -3.484
TNS   : -58.800

Type  : Slow 1100mV 85C Model Setup 'CLOCK_50'
Slack : -1.722
TNS   : -32.894

Type  : Slow 1100mV 85C Model Hold 'CLOCK_50'
Slack : -1.815
TNS   : -5.497

Type  : Slow 1100mV 85C Model Hold 'spi2dac:dac|clk_1MHz'
Slack : 0.374
TNS   : 0.000

Type  : Slow 1100mV 85C Model Minimum Pulse Width 'CLOCK_50'
Slack : -0.697
TNS   : -18.876

Type  : Slow 1100mV 85C Model Minimum Pulse Width 'spi2dac:dac|clk_1MHz'
Slack : -0.394
TNS   : -10.301

Type  : Slow 1100mV 0C Model Setup 'spi2dac:dac|clk_1MHz'
Slack : -3.603
TNS   : -60.019

Type  : Slow 1100mV 0C Model Setup 'CLOCK_50'
Slack : -1.731
TNS   : -33.747

Type  : Slow 1100mV 0C Model Hold 'CLOCK_50'
Slack : -2.007
TNS   : -6.024

Type  : Slow 1100mV 0C Model Hold 'spi2dac:dac|clk_1MHz'
Slack : 0.353
TNS   : 0.000

Type  : Slow 1100mV 0C Model Minimum Pulse Width 'CLOCK_50'
Slack : -0.697
TNS   : -17.781

Type  : Slow 1100mV 0C Model Minimum Pulse Width 'spi2dac:dac|clk_1MHz'
Slack : -0.394
TNS   : -10.285

Type  : Fast 1100mV 85C Model Setup 'spi2dac:dac|clk_1MHz'
Slack : -1.601
TNS   : -25.957

Type  : Fast 1100mV 85C Model Setup 'CLOCK_50'
Slack : -0.704
TNS   : -8.300

Type  : Fast 1100mV 85C Model Hold 'CLOCK_50'
Slack : -1.117
TNS   : -3.236

Type  : Fast 1100mV 85C Model Hold 'spi2dac:dac|clk_1MHz'
Slack : 0.164
TNS   : 0.000

Type  : Fast 1100mV 85C Model Minimum Pulse Width 'CLOCK_50'
Slack : -0.751
TNS   : -13.681

Type  : Fast 1100mV 85C Model Minimum Pulse Width 'spi2dac:dac|clk_1MHz'
Slack : 0.139
TNS   : 0.000

Type  : Fast 1100mV 0C Model Setup 'spi2dac:dac|clk_1MHz'
Slack : -1.537
TNS   : -24.535

Type  : Fast 1100mV 0C Model Setup 'CLOCK_50'
Slack : -0.528
TNS   : -6.478

Type  : Fast 1100mV 0C Model Hold 'CLOCK_50'
Slack : -1.171
TNS   : -3.491

Type  : Fast 1100mV 0C Model Hold 'spi2dac:dac|clk_1MHz'
Slack : 0.152
TNS   : 0.000

Type  : Fast 1100mV 0C Model Minimum Pulse Width 'CLOCK_50'
Slack : -0.766
TNS   : -16.235

Type  : Fast 1100mV 0C Model Minimum Pulse Width 'spi2dac:dac|clk_1MHz'
Slack : 0.143
TNS   : 0.000

------------------------------------------------------------
