------------------------------------------------------------
TimeQuest Timing Analyzer Summary
------------------------------------------------------------

Type  : Slow 1100mV 85C Model Setup 'spi2dac:comb_4|clk_1MHz'
Slack : -4.169
TNS   : -63.673

Type  : Slow 1100mV 85C Model Setup 'CLOCK_50'
Slack : -3.737
TNS   : -49.275

Type  : Slow 1100mV 85C Model Hold 'CLOCK_50'
Slack : -3.063
TNS   : -8.721

Type  : Slow 1100mV 85C Model Hold 'spi2dac:comb_4|clk_1MHz'
Slack : 0.651
TNS   : 0.000

Type  : Slow 1100mV 85C Model Minimum Pulse Width 'CLOCK_50'
Slack : -0.394
TNS   : -17.799

Type  : Slow 1100mV 85C Model Minimum Pulse Width 'spi2dac:comb_4|clk_1MHz'
Slack : -0.394
TNS   : -10.488

Type  : Slow 1100mV 0C Model Setup 'spi2dac:comb_4|clk_1MHz'
Slack : -4.294
TNS   : -64.697

Type  : Slow 1100mV 0C Model Setup 'CLOCK_50'
Slack : -3.877
TNS   : -49.987

Type  : Slow 1100mV 0C Model Hold 'CLOCK_50'
Slack : -3.198
TNS   : -9.089

Type  : Slow 1100mV 0C Model Hold 'spi2dac:comb_4|clk_1MHz'
Slack : 0.611
TNS   : 0.000

Type  : Slow 1100mV 0C Model Minimum Pulse Width 'CLOCK_50'
Slack : -0.394
TNS   : -19.456

Type  : Slow 1100mV 0C Model Minimum Pulse Width 'spi2dac:comb_4|clk_1MHz'
Slack : -0.394
TNS   : -10.407

Type  : Fast 1100mV 85C Model Setup 'CLOCK_50'
Slack : -2.240
TNS   : -15.944

Type  : Fast 1100mV 85C Model Setup 'spi2dac:comb_4|clk_1MHz'
Slack : -2.008
TNS   : -29.949

Type  : Fast 1100mV 85C Model Hold 'CLOCK_50'
Slack : -1.877
TNS   : -5.453

Type  : Fast 1100mV 85C Model Hold 'spi2dac:comb_4|clk_1MHz'
Slack : 0.341
TNS   : 0.000

Type  : Fast 1100mV 85C Model Minimum Pulse Width 'CLOCK_50'
Slack : -0.194
TNS   : -2.662

Type  : Fast 1100mV 85C Model Minimum Pulse Width 'spi2dac:comb_4|clk_1MHz'
Slack : 0.111
TNS   : 0.000

Type  : Fast 1100mV 0C Model Setup 'spi2dac:comb_4|clk_1MHz'
Slack : -1.947
TNS   : -28.651

Type  : Fast 1100mV 0C Model Setup 'CLOCK_50'
Slack : -1.821
TNS   : -13.476

Type  : Fast 1100mV 0C Model Hold 'CLOCK_50'
Slack : -1.899
TNS   : -5.627

Type  : Fast 1100mV 0C Model Hold 'spi2dac:comb_4|clk_1MHz'
Slack : 0.301
TNS   : 0.000

Type  : Fast 1100mV 0C Model Minimum Pulse Width 'CLOCK_50'
Slack : -0.216
TNS   : -2.801

Type  : Fast 1100mV 0C Model Minimum Pulse Width 'spi2dac:comb_4|clk_1MHz'
Slack : 0.118
TNS   : 0.000

------------------------------------------------------------
